{
  "version": "0.13.1+ibm.62.dss",
  "generated_at": "2026-04-23T10:16:18Z",
  "plugins_used": [
    {
      "name": "AWSKeyDetector"
    },
    {
      "name": "ArtifactoryDetector"
    },
    {
      "name": "AzureStorageKeyDetector"
    },
    {
      "base64_limit": 4.5,
      "name": "Base64HighEntropyString"
    },
    {
      "name": "BasicAuthDetector"
    },
    {
      "name": "BoxDetector"
    },
    {
      "name": "CloudantDetector"
    },
    {
      "ghe_instance": "github.ibm.com",
      "name": "GheDetector"
    },
    {
      "name": "GitHubTokenDetector"
    },
    {
      "hex_limit": 3,
      "name": "HexHighEntropyString"
    },
    {
      "name": "IbmCloudIamDetector"
    },
    {
      "name": "IbmCosHmacDetector"
    },
    {
      "name": "JwtTokenDetector"
    },
    {
      "keyword_exclude": null,
      "name": "KeywordDetector"
    },
    {
      "name": "MailchimpDetector"
    },
    {
      "name": "NpmDetector"
    },
    {
      "name": "PrivateKeyDetector"
    },
    {
      "name": "SlackDetector"
    },
    {
      "name": "SoftlayerDetector"
    },
    {
      "name": "SquareOAuthDetector"
    },
    {
      "name": "StripeDetector"
    },
    {
      "name": "TwilioKeyDetector"
    }
  ],
  "results": {
    "ipquorum-systemd/multi-instance/ipquorum-instance-manager.sh": [
      {
        "hashed_secret": "2ace62c1befa19e3ea37dd52be9f6d508c5163e6",
        "is_verified": false,
        "line_number": 886,
        "type": "detect-secrets",
        "verified_result": null,
        "is_secret": false
      }
    ]
  },
  "exclude": {
    "files": "^.secrets.baseline$",
    "lines": null
  },
  "word_list": {
    "file": null,
    "hash": null
  }
}